CANDIDATE_STATUS=PASS_EXCLUDED_SEED43999_CANDIDATE_V4_3_ALL5_FLOOR_EESS_AND_STRICT_POWER_GATES
SCIENTIFIC_SCRIPT_EXIT_CODE=0
CANDIDATE_LONG_VIOLATION_SECONDS=0
CANDIDATE_SHORT_VIOLATION_SECONDS=0
CANDIDATE_FLOOR_VIOLATION_USER_SECONDS=0
CANDIDATE_FLOOR_VIOLATION_USER_INTERVALS=0
NETWORK_WIDE_SHUTDOWN_INTERVALS=0
CONTINUOUS_SECTOR_PROVEN_INFEASIBLE_INTERVALS=93
GLOBAL_FROZEN_GRID_PROVEN_INFEASIBLE_INTERVALS=93
LOCAL_FROZEN_GRID_REPAIRED_INTERVALS=6
LOCAL_STREAM_POWER_REPAIRED_INTERVALS=98
LOCAL_STREAM_POWER_PROVEN_INFEASIBLE_INTERVALS=0
GLOBAL_STREAM_PROVEN_INFEASIBLE_INTERVALS=0
UNRESOLVED_DEPLOYABLE_INTERVALS=0
STRICT_LOCAL_SCOPE_GATE=PASS
STRICT_LOCAL_SCOPE_VIOLATION_INTERVALS=0
MAX_EXTERNAL_INTERFERERS_PER_VIOLATING_USER=2
MAX_EESS_BACKOFF_SECTORS=2
MAX_MUTABLE_SECTOR_COUNT=5
STRICT_POST_MODE_SELECTED_POWER_GATE=PASS
Q0_ENVELOPE_DEPLOYABLE_ACTIONS=0
SOLVER_CONSTRAINT_RESERVE=1e-08
SOLVER_PRIMAL_FEASIBILITY_TOLERANCE=1.0000000000000001e-09
SOLVER_DUAL_FEASIBILITY_TOLERANCE=1.0000000000000001e-09
MAXIMUM_CANDIDATE_NORMALIZED_FLOOR_SHORTFALL=0
CANDIDATE_RESIDUAL_USER_COUNT=0
MAXIMUM_Q0_NOMINAL_POWER_ENVELOPE_RATIO=0.98382662173922819
MAXIMUM_STRICT_POST_MODE_BASELINE_POWER_RATIO=0.99999998741460938
Q0_HEADROOM_USED_INTERVALS=0
STRICT_POST_MODE_STREAM_FEASIBLE_INTERVALS=98
STRICT_POST_MODE_STREAM_INFEASIBLE_INTERVALS=0
STRICT_POST_MODE_STREAM_UNCERTIFIED_INTERVALS=0
MINIMUM_MODE_ADJUSTED_TO_Q0_POWER_RATIO=0.58268088272207708
MAXIMUM_MODE_ADJUSTED_TO_Q0_POWER_RATIO=1
PREDICTIVE_REPRODUCTION_USER_SECONDS=519
PREDICTIVE_REPRODUCTION_USER_INTERVALS=104
CHANNEL_RECORD_SHA256=bf55f7a071bc00fdc9e73075bcf2b3f9da3bd07843e3795e134d4bdb3c4fa0d9
FREQUENCY_RESPONSE_ARRAY_SHA256=c4ac7fb56da5d3f8182836e2a99ab2ef1dd7b17bf76332abbc198d1ae6b6a093
CONFIRMATORY_CAMPAIGN_AUTHORIZED=NO
NEXT_GATE=INDEPENDENT_REVIEW_THEN_EXCLUDED_H100_DEPLOYMENT_SMOKE
