V44_SCHEDULING_DEVELOPMENT_STATUS=V4_4_PROTECTED_SUBBAND_SCHEDULING_DEVELOPMENT_INCOMPLETE
FAILED_SEED_HARD_GATE_PASS_COUNT=4
FAILED_SEED_BOUNDED_SCOPE_PASS_COUNT=9
ORIGINAL_V4_3_UNRESOLVED_INTERVAL_COUNT=1736
SCHEDULING_SUCCESS_INTERVAL_COUNT=1213
SCHEDULING_FAILURE_INTERVAL_COUNT=523
DIAGNOSTIC_G8_SCHEDULING_FEASIBLE_INTERVAL_COUNT=4
SCHEDULE_GUARD_LIMIT_COUNTS={"0": 926, "2": 166, "4": 121}
MAXIMUM_SCHEDULE_GUARD_SECTOR_COUNT=8
MAXIMUM_SCHEDULE_CRITICAL_SECTOR_COUNT=4
MAXIMUM_SCHEDULE_MUTABLE_SECTOR_COUNT=10
MAXIMUM_PROTECTED_SUBBAND_SCHEDULED_FRACTION=0.919
MAXIMUM_SCHEDULE_SOLVER_SECONDS=1.2083059400320053
CANDIDATE_FLOOR_VIOLATION_USER_SECONDS=6540
CANDIDATE_FLOOR_VIOLATION_USER_INTERVALS=1319
CANDIDATE_LONG_EESS_VIOLATION_SECONDS=0
CANDIDATE_SHORT_EESS_VIOLATION_SECONDS=0
DEVELOPMENT_PRIMARY_POINT_ESTIMATE=0.2883226657791487
DEVELOPMENT_PRIMARY_LOWER_95=0.24020277718481348
NEXT_REPAIR_DECISION=PROTECTED_SUBBAND_REASSIGNMENT_OR_ADMISSION_REQUIRED
NEXT_GATE=DESIGN_USER_REASSIGNMENT_OR_PREREGISTERED_ADMISSION_FALLBACK
