SOURCE_PAYLOAD_MANIFEST_GENERATION=PASS
SOURCE_PAYLOAD_MANIFEST_ENTRY_COUNT=11
SOURCE_PAYLOAD_MANIFEST_VERIFICATION=PASS
PYTHON_IN_MEMORY_SYNTAX_CHECK=PASS
PYTHON_SYNTAX_FILE_COUNT=11
BASH_SYNTAX_CHECK=PASS
................                                                         [100%]
16 passed in 1.34s
PACKAGED_FLOOR_DEFINITION_AUDIT=PASS
PACKAGED_VARIABLE_PASS_EXTENSION_AUDIT=PASS
PACKAGED_ALL_EIGHT_METHOD_AGGREGATE_AUDIT=PASS
PACKAGED_SEED43999_MATERIAL_FAILURE_REPRODUCED=PASS
CONFIRMATORY_CAMPAIGN_AUTHORIZED=NO
NEXT_GATE=CPU_ONLY_RORQUAL_EXACT_SEED43999_FEASIBILITY_DIAGNOSTIC
ORIGINAL_VALIDATED_INPUT_BINDING=PASS
ORIGINAL_VALIDATION_V4_STATUS=PASS_CONTROLLER_READY_FULL_TOPOLOGY_EXPORT_VALIDATION_V4
ORIGINAL_VALIDATED_COMPATIBILITY_REGRESSION=PASS
ORIGINAL_CANDIDATE_NOMINAL_FLOOR_NOOP=PASS
ORIGINAL_SOURCE_COMMON_SCALE_SAFETY_GATE=PASS
ORIGINAL_Q0_POWER_ENVELOPE_RECONSTRUCTION=PASS
ORIGINAL_65DB_3DB_POWER_ENVELOPE_GATE=PASS
ORIGINAL_MAXIMUM_Q0_NOMINAL_POWER_ENVELOPE_RATIO=0.99852630401192999
ORIGINAL_MINIMUM_MODE_ADJUSTED_TO_Q0_POWER_RATIO=0.77002387042189935
ORIGINAL_NONVACUOUS_Q0_HEADROOM_SECTORS=57
ORIGINAL_COMMON_SCALE_EXPORT_RECONSTRUCTION=PASS_WITH_DECLARED_FLOAT32_RECONSTRUCTION_TOLERANCE
ORIGINAL_EXPORT_RECONSTRUCTION_TOLERANCE=3.0000000000000001e-06
ORIGINAL_EXACT_DYNAMIC_DUAL_CRITERION_CANDIDATE=NOT_APPLICABLE_TO_PRECAMPAIGN_EXPORT
ORIGINAL_DISTINCT_SHORT_TERM_CRITERION_ASSERTED=NO
CONFIRMATORY_CAMPAIGN_AUTHORIZED=NO
RANDOM_FLOOR_LINEARIZATION_CHECKS=2400
RANDOM_FLOOR_LINEARIZATION=PASS
RANDOM_EESS_ROW_CHECKS=793
RANDOM_EESS_LINEARIZATION=PASS
Q0_NOMINAL_POWER_ENVELOPE_CHECKS=735
Q0_POWER_BUDGET_ROW_CHECKS=6180
Q0_POWER_ENVELOPE_RANDOMIZED_AUDIT=PASS
SMALL_MILP_EXHAUSTIVE_CASES=60
FROZEN_GRID_MILP_VS_EXHAUSTIVE=PASS
RANDOMIZED_MODEL_AUDIT=PASS
CONFIRMATORY_CAMPAIGN_AUTHORIZED=NO
POLICY_SCOPE_SCAN=PASS
EXECUTABLE_CONFIRMATORY_LAUNCH_SCAN=PASS
CENTRALIZED_WMMSE_REINTRODUCTION_SCAN=PASS
FLOOR_AND_TOLERANCE_FREEZE_SCAN=PASS
HARD_FEASIBILITY_PRIMARY_OBJECTIVE_SCAN=PASS
EXPECTED_FAILURE_RETURN_PATHS=PASS
CLEAN_GIT_WORKFLOW_SIMULATION=PASS
HANDOFF_AND_GITHUB_BINDINGS=PASS
FORBIDDEN_COMPILED_OR_CACHE_ARTIFACT_SCAN=PASS
FINAL_LOCAL_RELEASE_GATES=PASS
RELEASE_CONTENT_AUDIT=PASS
REMOTE_EXACT_SEED43999_GATE_EXECUTED=NO
CONFIRMATORY_CAMPAIGN_AUTHORIZED=NO
