
=== STEP 30: build centralized review folder and upload bundle ===
FIRST-SECTOR REVIEW PACKAGE: PASS
Review directory: /home/afazeli2006/FR3_CBF_Completion_Package_v1_1/FR3_CBF_Completion_Package_v1_1/results/e3_first_sector_p452_review
Review index: /home/afazeli2006/FR3_CBF_Completion_Package_v1_1/FR3_CBF_Completion_Package_v1_1/results/e3_first_sector_p452_review/REVIEW_INDEX.html
Review files list: /home/afazeli2006/FR3_CBF_Completion_Package_v1_1/FR3_CBF_Completion_Package_v1_1/results/e3_first_sector_p452_review/REVIEW_FILES.txt
Review-required file count: 22
Upload-bundle source-file count: 48
UPLOAD THESE TWO FILES:
/home/afazeli2006/FR3_CBF_Completion_Package_v1_1/FR3_CBF_Completion_Package_v1_1/results/e3_first_sector_p452_review/review_upload/E3_SITE18_FIRST_SECTOR_P452_REVIEW_BUNDLE_2026-07-26.zip
/home/afazeli2006/FR3_CBF_Completion_Package_v1_1/FR3_CBF_Completion_Package_v1_1/results/e3_first_sector_p452_review/review_upload/E3_SITE18_FIRST_SECTOR_P452_REVIEW_BUNDLE_2026-07-26.zip.sha256
All review-required files are listed in REVIEW_FILES.txt

FILES REQUIRED FOR REVIEW:
data/real/e3_first_sector_p452/FIRST_SECTOR_TERRAIN_DECISION.json
data/real/e3_first_sector_p452/p452_profile.csv
data/real/e3_first_sector_p452/p452_parameters.json
data/real/e3_first_sector_p452/FIRST_SECTOR_P452_PREP_AUDIT.json
data/real/e3_first_sector_p452/p452_basic_loss.csv
data/real/e3_first_sector_p452/p452_coupling_export.csv
data/real/e3_first_sector_p452/P452_FIRST_SECTOR_MATLAB_AUDIT.json
data/real/e3_first_sector_p452/bs_gain_accounting.csv
data/real/e3_first_sector_p452/earth_station_gain_timeseries.csv
data/real/e3_first_sector_p452/gain_accounting_timeseries.csv.gz
data/real/e3_first_sector_p452/conditional_threshold_summary.csv
data/real/e3_first_sector_p452/p452_coast_distance_sensitivity.csv
data/real/e3_first_sector_p452/peak_accounting_components.csv
data/real/e3_first_sector_p452/FIRST_SECTOR_P452_AUDIT.json
data/real/e3_first_sector_p452/FIRST_SECTOR_P452_AUDIT.md
data/real/e3_first_sector_p452/FIRST_SECTOR_P452_VALIDATION.json
data/real/e3_first_sector_p452/FIRST_SECTOR_P452_VALIDATION.md
results/e3_first_sector_p452_review/p452_basic_loss_vs_time_percentage.png
results/e3_first_sector_p452_review/earth_station_off_axis_and_gain.png
results/e3_first_sector_p452_review/conditional_interference_p20_H.png
results/e3_first_sector_p452_review/peak_accounting_components.png
data/real/e3_first_sector_audit/terrain_review/first_sector_profile_review.pdf

UPLOAD FOLDER CONTENTS:
  E3_SITE18_FIRST_SECTOR_P452_REVIEW_BUNDLE_2026-07-26.zip
  E3_SITE18_FIRST_SECTOR_P452_REVIEW_BUNDLE_2026-07-26.zip.sha256
WRAPPER 30 PACKAGE/OPEN REVIEW: PASS
