FINAL_LOCAL_RELEASE_GATE=PASS
PYTHON_IN_MEMORY_SYNTAX_CHECK=PASS
PYTHON_SYNTAX_FILE_COUNT=12
BASH_SYNTAX_CHECK=PASS
BASH_SYNTAX_FILE_COUNT=2
FOCUSED_TESTS=18_PASSED
SOLVER_POLICY_FOCUSED_TESTS=4_PASSED
PACKAGED_DIAGNOSTIC_AUDIT=PASS
ORIGINAL_VALIDATED_TOPOLOGY_REGRESSION=PASS
RANDOMIZED_MODEL_AUDIT=PASS
PRIOR_V4_2_NUMERICAL_RECLASSIFICATION=PASS
SOLVER_RESERVE_REGRESSION=PASS
STRICT_POST_MODE_DEPLOYMENT_POLICY_GATE=PASS
POLICY_SCOPE_SCAN=PASS
SOURCE_PAYLOAD_MANIFEST_VERIFICATION=PASS
REMOTE_FAILURE_PATH_SIMULATION=PASS
LOCAL_FAILURE_PATH_SIMULATION=PASS
GIT_WORKFLOW_SIMULATION=PASS
FORBIDDEN_ARTIFACT_SCAN=PASS
OUTER_WSL_PREFLIGHT_SIMULATION=PASS
SCIENTIFIC_TOLERANCES_WIDENED=NO
Q0_ENVELOPE_DEPLOYABLE_ACTIONS=0
CONFIRMATORY_CAMPAIGN_AUTHORIZED=NO
NEXT_GATE=CPU_ONLY_RORQUAL_EXACT_SEED43999_V4_3_DIAGNOSTIC
