=================================================================
FR3 V4.3 — RORQUAL CAMPAIGN VALIDATOR REPAIR AND LOCKED REVIEW
=================================================================
PACKAGE_ROOT=/home/afazeli2006/fr3_v4_3_rorqual_campaign_repair_review_runs/20260802_131417/extracted/FR3_CBF_v1_1_Candidate_v4_3_Rorqual_Campaign_Validator_Repair_Review_DropIn_v1_2026-08-02
REPO=/home/afazeli2006/FR3_CBF_Completion_Package_v1_1/FR3_CBF_Completion_Package_v1_1
NIBI_REQUIRED=NO
RORQUAL_REQUIRED=NO
CLUSTER_CONTACTED=NO
CAMPAIGN_EXECUTION_AUTHORIZED=NO
INTERNAL_MANIFEST_VERIFICATION=PASS
SOURCE_PAYLOAD_MANIFEST_VERIFICATION=PASS
REPO_VENV_ACTIVATED=YES
LOCAL_VENV_DEPENDENCY_GATE=PASS
PYTHON_IN_MEMORY_SYNTAX_CHECK=PASS
PYTHON_SYNTAX_FILE_COUNT=8
BASH_SYNTAX_CHECK=PASS
......                                                                   [100%]
6 passed in 2.33s
Cloning into '/home/afazeli2006/fr3_v4_3_rorqual_campaign_repair_review_runs/20260802_131417/github_working_clone'...
From github.com:afazeliUofT/FR3_CBF_Completion_Package_v1_1
 * branch            e3-first-sector-p452 -> FETCH_HEAD
HEAD is now at fa00b2a Add excluded Rorqual final campaign-worker smoke for candidate-v4.3
GITHUB_REQUIRED_ANCESTOR_GATE=PASS
GIT_HEAD_BEFORE=76a62cda5d649cad25a6a45ccb5f0f757a99a269
GIT_REMOTE_HEAD_BEFORE=fa00b2a4d81b98a2089c992f56fdca63e23c24f3
GITHUB_NEWER_WORK_OVERWRITTEN=NO
SMOKE_RETURN_SHA256_GATE=PASS
SMOKE_RETURN_CONTENT_MANIFEST_GATE=PASS
CORRECTED_STRUCTURAL_VALIDATOR=PASS
CORRECTED_SCIENTIFIC_PASS_VALIDATOR=PASS
CHANNEL_EXACT_REFERENCE_GATE=PASS
COMPARATOR_REFERENCE_SUMMARY_GATE=PASS
CANDIDATE_PRIMARY_SECONDARY_ENDPOINT_GATE=PASS
CANDIDATE_ACTION_CLASS_TRACE_EXACT=PASS
CANDIDATE_TRACE_MAXIMUM_ABSOLUTE_ERROR=0
CANDIDATE_HARD_GATES=PASS
VALIDATOR_CONTRACT_DEFECT_CLASSIFICATION=PASS
SMOKE_RECLASSIFICATION_STATUS=PASS_EXCLUDED_RORQUAL_FINAL_WORKER_SMOKE_AFTER_VALIDATOR_CONTRACT_REPAIR
FULL_CAMPAIGN_EXECUTION_AUTHORIZED=NO
RORQUAL_R2_LOCKED_CAMPAIGN_BUILD=PASS
RORQUAL_R2_PACKAGE_ID=8473d5504e69347a69a536c43dcae35bec9519a90bc55de3a0712f9e0fb97889
RORQUAL_R2_JOB_PACKAGE_ZIP=/home/afazeli2006/fr3_v4_3_rorqual_campaign_repair_review_runs/20260802_131417/build/FR3_PHASE1_RORQUAL_JOB_PACKAGE_V4_3_R2.zip
RORQUAL_R2_JOB_PACKAGE_ZIP_SHA256=c106fa6441b15873d0d2d9b29d636434625edcd58f4033a4700589cb91e19e82
CANDIDATE_SOURCE_CHANGED=NO
VALIDATOR_REPAIRS_ONLY=YES
CAMPAIGN_EXECUTION_AUTHORIZED=NO
RORQUAL_R2_LOCKED_CAMPAIGN_INDEPENDENT_REVIEW=PASS
INDEPENDENT_REVIEW_VERDICT=PASS_CORRECTED_RORQUAL_NATIVE_LOCKED_30_SEED_CAMPAIGN_PACKAGE_FOR_SEPARATE_AUTHORIZATION_NOT_EXECUTION
RORQUAL_R2_REVIEW_ZIP=/home/afazeli2006/fr3_v4_3_rorqual_campaign_repair_review_runs/20260802_131417/review/FR3_PHASE1_RORQUAL_JOB_PACKAGE_V4_3_R2_INDEPENDENT_REVIEW.zip
RORQUAL_R2_REVIEW_ZIP_SHA256=d0333387e5d45e7e7fea02ed679f7d01ba6cc9869a0004649c16811ebbafb6f4
CAMPAIGN_EXECUTION_AUTHORIZED=NO
CLUSTER_CONTACTED=NO
