=================================================================
FR3 CANDIDATE V4.3 — INDEPENDENT REVIEW AND H100 SMOKE
=================================================================
PACKAGE_ROOT=/mnt/data/build_v43_h100/FR3_CBF_v1_1_Candidate_v4_3_Independent_Review_H100_Deployment_Smoke_DropIn_v1_2026-08-01
REPO=/tmp/tmp.EPL5FAwhDW/repo
LOCAL_RETURN=/tmp/tmp.EPL5FAwhDW/downloads/FR3_CANDIDATE_V4_3_H100_DEPLOYMENT_SMOKE_RETURN_20260801_212245
RORQUAL_REQUIRED=YES_H100
H100_REQUESTED=YES_ONE_FULL_H100
H100_CHANNEL_REGENERATION=NO
PRESERVED_SEED43999_CHANNEL_REUSED=YES
CONFIRMATORY_CAMPAIGN_AUTHORIZED=NO
REPO_VENV_REUSE=PASS
INTERNAL_MANIFEST_VERIFICATION=PASS
SOURCE_PAYLOAD_MANIFEST_VERIFICATION=PASS
PYTHON_IN_MEMORY_SYNTAX_CHECK=PASS
PYTHON_SYNTAX_FILE_COUNT=24
BASH_SYNTAX_CHECK=PASS
.......................                                                  [100%]
23 passed in 2.70s
INDEPENDENT_V4_3_REVIEW=PASS
V4_3_CPU_RETURN_STATUS=PASS_EXCLUDED_SEED43999_CANDIDATE_V4_3_ALL5_FLOOR_EESS_AND_STRICT_POWER_GATES
V4_3_CPU_RETURN_SHA256=52fbd777e7816320f5bf05ed39ff6c3dd62573776336e404f1f2306875d98e90
V4_3_SOURCE_COMMIT=b65dc117f1ace492b55bd764f74bf985fbcb9507
V4_3_FLOOR_VIOLATION_USER_SECONDS=0
V4_3_FLOOR_VIOLATION_USER_INTERVALS=0
V4_3_LONG_EESS_VIOLATION_SECONDS=0
V4_3_SHORT_EESS_VIOLATION_SECONDS=0
V4_3_REPAIR_INTERVALS=104
V4_3_REPAIR_PHYSICAL_SECONDS=519
V4_3_LOCAL_GRID_REPAIR_INTERVALS=6
V4_3_STREAM_POWER_REPAIR_INTERVALS=98
V4_3_MINIMUM_CANDIDATE_FLOOR_RATIO=1.0000000004430856
V4_3_MEAN_FINAL_PF_DELTA_VS_PREDICTIVE=-0.012308200376506307
V4_3_MEAN_DURATION_PF_DELTA_VS_PREDICTIVE=0.0040774796672593538
ACTION_SCOPE_LOCALITY_GATE=PASS
INFORMATION_EXCHANGE_LOCALITY_CERTIFIED=NO
CONFIRMATORY_CAMPAIGN_AUTHORIZED=NO
NEXT_GATE=SINGLE_EXCLUDED_H100_DEPLOYMENT_SMOKE_WITH_PRESERVED_CHANNEL
PACKAGED_INDEPENDENT_REVIEW_REPRODUCTION=PASS
LOCAL_QUALITY_GATE=PASS
From /tmp/tmp.EPL5FAwhDW/origin
 * branch            e3-first-sector-p452 -> FETCH_HEAD
Cloning into '/tmp/tmp.EPL5FAwhDW/downloads/FR3_CANDIDATE_V4_3_H100_DEPLOYMENT_SMOKE_RETURN_20260801_212245/github_working_clone'...
done.
From /tmp/tmp.EPL5FAwhDW/origin
 * branch            e3-first-sector-p452 -> FETCH_HEAD
HEAD is now at c558655 base
LOCAL_REPOSITORY_HEAD=c5586550e3d7ec64fb7e53a1f05ad10e9e39f642
GIT_HEAD_BEFORE=c5586550e3d7ec64fb7e53a1f05ad10e9e39f642
GIT_REMOTE_HEAD_BEFORE=c5586550e3d7ec64fb7e53a1f05ad10e9e39f642
GITHUB_NEWER_WORK_OVERWRITTEN=NO
[e3-first-sector-p452 cc43c05] Add candidate-v4.3 excluded H100 deployment smoke
 70 files changed, 9693 insertions(+)
 create mode 100644 tools/candidate_v4_3_h100_deployment_smoke_v1/GITHUB_TOOL_MANIFEST.sha256
 create mode 100644 tools/candidate_v4_3_h100_deployment_smoke_v1/PACKAGE_VERSION.json
 create mode 100644 tools/candidate_v4_3_h100_deployment_smoke_v1/README.md
 create mode 100644 tools/candidate_v4_3_h100_deployment_smoke_v1/SOURCE_PAYLOAD_MANIFEST.sha256
 create mode 100644 tools/candidate_v4_3_h100_deployment_smoke_v1/candidate_v4_3_package/PACKAGE_VERSION.json
 create mode 100644 tools/candidate_v4_3_h100_deployment_smoke_v1/candidate_v4_3_package/README.md
 create mode 100644 tools/candidate_v4_3_h100_deployment_smoke_v1/candidate_v4_3_package/SOURCE_PAYLOAD_MANIFEST.sha256
 create mode 100644 tools/candidate_v4_3_h100_deployment_smoke_v1/candidate_v4_3_package/config/CANDIDATE_V4_3_CONTRACT.json
 create mode 100644 tools/candidate_v4_3_h100_deployment_smoke_v1/candidate_v4_3_package/docs/BUILD_VALIDATION.md
 create mode 100644 tools/candidate_v4_3_h100_deployment_smoke_v1/candidate_v4_3_package/docs/CLAIM_BOUNDARIES.md
 create mode 100644 tools/candidate_v4_3_h100_deployment_smoke_v1/candidate_v4_3_package/docs/EXPECTED_SUCCESS_MARKERS.md
 create mode 100644 tools/candidate_v4_3_h100_deployment_smoke_v1/candidate_v4_3_package/docs/RETURN_CONTRACT.md
 create mode 100644 tools/candidate_v4_3_h100_deployment_smoke_v1/candidate_v4_3_package/docs/SCIENTIFIC_STATUS_AND_METHOD.md
 create mode 100644 tools/candidate_v4_3_h100_deployment_smoke_v1/candidate_v4_3_package/docs/WSL_RORQUAL_WORKFLOW.md
 create mode 100644 tools/candidate_v4_3_h100_deployment_smoke_v1/candidate_v4_3_package/immutable_bindings/IMMUTABLE_INPUT_BINDINGS.json
 create mode 100644 tools/candidate_v4_3_h100_deployment_smoke_v1/candidate_v4_3_package/requirements.txt
 create mode 100755 tools/candidate_v4_3_h100_deployment_smoke_v1/candidate_v4_3_package/scripts/audit_packaged_diagnostic.py
 create mode 100755 tools/candidate_v4_3_h100_deployment_smoke_v1/candidate_v4_3_package/scripts/audit_prior_v4_2_result.py
 create mode 100755 tools/candidate_v4_3_h100_deployment_smoke_v1/candidate_v4_3_package/scripts/randomized_model_audit.py
 create mode 100755 tools/candidate_v4_3_h100_deployment_smoke_v1/candidate_v4_3_package/scripts/regress_original_validated_topology.py
 create mode 100755 tools/candidate_v4_3_h100_deployment_smoke_v1/candidate_v4_3_package/scripts/run_seed43999_floor_feasibility_candidate_v4_3.py
 create mode 100644 tools/candidate_v4_3_h100_deployment_smoke_v1/candidate_v4_3_package/src/fr3_cbf/__init__.py
 create mode 100644 tools/candidate_v4_3_h100_deployment_smoke_v1/candidate_v4_3_package/src/fr3_cbf/floor_feasibility_repair.py
 create mode 100644 tools/candidate_v4_3_h100_deployment_smoke_v1/candidate_v4_3_package/tests/test_floor_feasibility_repair.py
 create mode 100755 tools/candidate_v4_3_h100_deployment_smoke_v1/candidate_v4_3_package/wrappers/REMOTE_ORCHESTRATE_FR3_FLOOR_CANDIDATE_V4_3.sh
 create mode 100755 tools/candidate_v4_3_h100_deployment_smoke_v1/candidate_v4_3_package/wrappers/RUN_FR3_FLOOR_FEASIBILITY_CANDIDATE_V4_3_FROM_WSL.sh
 create mode 100644 tools/candidate_v4_3_h100_deployment_smoke_v1/cluster_diagnostics/NOT_EXECUTED_IN_BUILD_ENVIRONMENT.md
 create mode 100644 tools/candidate_v4_3_h100_deployment_smoke_v1/cluster_diagnostics/RETURN_PACKAGING_FAIL_SIMULATION.log
 create mode 100644 tools/candidate_v4_3_h100_deployment_smoke_v1/cluster_diagnostics/RETURN_PACKAGING_PASS_SIMULATION.log
 create mode 100644 tools/candidate_v4_3_h100_deployment_smoke_v1/cluster_diagnostics/RETURN_PACKAGING_SIMULATION.json
 create mode 100644 tools/candidate_v4_3_h100_deployment_smoke_v1/cluster_diagnostics/RORQUAL_EXECUTION_CONTRACT.json
 create mode 100644 tools/candidate_v4_3_h100_deployment_smoke_v1/config/H100_DEPLOYMENT_SMOKE_CONTRACT.json
 create mode 100644 tools/candidate_v4_3_h100_deployment_smoke_v1/docs/BUILD_VALIDATION.md
 create mode 100644 tools/candidate_v4_3_h100_deployment_smoke_v1/docs/CLAIM_BOUNDARIES.md
 create mode 100644 tools/candidate_v4_3_h100_deployment_smoke_v1/docs/EXPECTED_SUCCESS_MARKERS.md
 create mode 100644 tools/candidate_v4_3_h100_deployment_smoke_v1/docs/RETURN_CONTRACT.md
 create mode 100644 tools/candidate_v4_3_h100_deployment_smoke_v1/docs/SCIENTIFIC_STATUS_AND_NEXT_GATE.md
 create mode 100644 tools/candidate_v4_3_h100_deployment_smoke_v1/docs/WSL_RORQUAL_WORKFLOW.md
 create mode 100644 tools/candidate_v4_3_h100_deployment_smoke_v1/immutable_bindings/V4_3_RETURN_BINDING.json
 create mode 100644 tools/candidate_v4_3_h100_deployment_smoke_v1/local_diagnostics/BASH_SYNTAX.txt
 create mode 100644 tools/candidate_v4_3_h100_deployment_smoke_v1/local_diagnostics/CANDIDATE_UTILITY_SUMMARY.csv
 create mode 100644 tools/candidate_v4_3_h100_deployment_smoke_v1/local_diagnostics/GITHUB_SOURCE_SUBSET_SIMULATION.log
 create mode 100644 tools/candidate_v4_3_h100_deployment_smoke_v1/local_diagnostics/GIT_WORKFLOW_SIMULATION.json
 create mode 100644 tools/candidate_v4_3_h100_deployment_smoke_v1/local_diagnostics/GIT_WORKFLOW_SIMULATION.log
 create mode 100644 tools/candidate_v4_3_h100_deployment_smoke_v1/local_diagnostics/H100_AUDITOR_CPU_SELF_REPLAY.env
 create mode 100644 tools/candidate_v4_3_h100_deployment_smoke_v1/local_diagnostics/H100_AUDITOR_CPU_SELF_REPLAY.json
 create mode 100644 tools/candidate_v4_3_h100_deployment_smoke_v1/local_diagnostics/H100_AUDITOR_CPU_SELF_REPLAY.log
 create mode 100644 tools/candidate_v4_3_h100_deployment_smoke_v1/local_diagnostics/INDEPENDENT_V4_3_REVIEW.env
 create mode 100644 tools/candidate_v4_3_h100_deployment_smoke_v1/local_diagnostics/INDEPENDENT_V4_3_REVIEW.json
 create mode 100644 tools/candidate_v4_3_h100_deployment_smoke_v1/local_diagnostics/INDEPENDENT_V4_3_REVIEW.log
 create mode 100644 tools/candidate_v4_3_h100_deployment_smoke_v1/local_diagnostics/ORIGINAL_VALIDATED_REGRESSION.json
 create mode 100644 tools/candidate_v4_3_h100_deployment_smoke_v1/local_diagnostics/ORIGINAL_VALIDATED_REGRESSION.log
 create mode 100644 tools/candidate_v4_3_h100_deployment_smoke_v1/local_diagnostics/PACKAGED_DIAGNOSTIC_AUDIT.json
 create mode 100644 tools/candidate_v4_3_h100_deployment_smoke_v1/local_diagnostics/PACKAGED_DIAGNOSTIC_AUDIT.log
 create mode 100644 tools/candidate_v4_3_h100_deployment_smoke_v1/local_diagnostics/PRIOR_V4_2_SCIENTIFIC_AUDIT.json
 create mode 100644 tools/candidate_v4_3_h100_deployment_smoke_v1/local_diagnostics/PRIOR_V4_2_SCIENTIFIC_AUDIT.log
 create mode 100644 tools/candidate_v4_3_h100_deployment_smoke_v1/local_diagnostics/PYTEST.txt
 create mode 100644 tools/candidate_v4_3_h100_deployment_smoke_v1/local_diagnostics/PYTHON_SYNTAX.txt
 create mode 100644 tools/candidate_v4_3_h100_deployment_smoke_v1/local_diagnostics/RANDOMIZED_MODEL_AUDIT.json
 create mode 100644 tools/candidate_v4_3_h100_deployment_smoke_v1/local_diagnostics/RANDOMIZED_MODEL_AUDIT.log
 create mode 100644 tools/candidate_v4_3_h100_deployment_smoke_v1/local_diagnostics/SELF_REPLAY_H100_ENVIRONMENT.json
 create mode 100644 tools/candidate_v4_3_h100_deployment_smoke_v1/local_diagnostics/WSL_EXPECTED_NONZERO_RETRIEVAL_SIMULATION.log
 create mode 100644 tools/candidate_v4_3_h100_deployment_smoke_v1/requirements.txt
 create mode 100755 tools/candidate_v4_3_h100_deployment_smoke_v1/scripts/audit_h100_deployment_smoke.py
 create mode 100755 tools/candidate_v4_3_h100_deployment_smoke_v1/scripts/capture_h100_environment.py
 create mode 100755 tools/candidate_v4_3_h100_deployment_smoke_v1/scripts/independent_review_v4_3.py
 create mode 100755 tools/candidate_v4_3_h100_deployment_smoke_v1/scripts/package_h100_return.py
 create mode 100644 tools/candidate_v4_3_h100_deployment_smoke_v1/tests/test_h100_smoke_package.py
 create mode 100755 tools/candidate_v4_3_h100_deployment_smoke_v1/wrappers/REMOTE_ORCHESTRATE_V4_3_H100_DEPLOYMENT_SMOKE.sh
 create mode 100755 tools/candidate_v4_3_h100_deployment_smoke_v1/wrappers/RUN_V4_3_H100_DEPLOYMENT_SMOKE_FROM_WSL.sh
From /tmp/tmp.EPL5FAwhDW/origin
 * branch            e3-first-sector-p452 -> FETCH_HEAD
To /tmp/tmp.EPL5FAwhDW/origin.git
   c558655..cc43c05  HEAD -> e3-first-sector-p452
CANDIDATE_SOURCE_COMMIT=cc43c05acc40f4d502eb1581a8fb521871621e17
GIT_REMOTE_HEAD_AFTER_SOURCE=cc43c05acc40f4d502eb1581a8fb521871621e17
REMOTE_PAYLOAD_SHA256=24506c5282a66c12c0b2cfb5bb117d93b4345058b68fb4ce19e3e6d24844b22f
REMOTE_WRAPPER_EXIT_CODE=42
DIAGNOSTIC_RETRIEVAL_EXIT_CODE=0
LOCAL_RETURN_ZIP_SHA256=6c52245fa2525537c773754af0558387e8014270359b4f48ce546d251a29f030
RETURN_CONTENT_MANIFEST_VERIFICATION=PASS
[e3-first-sector-p452 bda6158] Collect candidate-v4.3 excluded H100 deployment-smoke evidence
 42 files changed, 6614 insertions(+)
 create mode 100644 evidence/phase1_candidate_v4_3_h100_deployment_smoke_v1_job_SIMFAIL42/COLLECTION_STATUS.json
 create mode 100644 evidence/phase1_candidate_v4_3_h100_deployment_smoke_v1_job_SIMFAIL42/EVIDENCE_MANIFEST.sha256
 create mode 100644 evidence/phase1_candidate_v4_3_h100_deployment_smoke_v1_job_SIMFAIL42/FR3_RORQUAL_CANDIDATE_V4_3_H100_DEPLOYMENT_SMOKE_SIMFAIL42.zip.sha256
 create mode 100644 evidence/phase1_candidate_v4_3_h100_deployment_smoke_v1_job_SIMFAIL42/LOCAL_WSL_ORCHESTRATOR.log
 create mode 100644 evidence/phase1_candidate_v4_3_h100_deployment_smoke_v1_job_SIMFAIL42/RETURN_CONTENT_MANIFEST.sha256
 create mode 100644 evidence/phase1_candidate_v4_3_h100_deployment_smoke_v1_job_SIMFAIL42/RETURN_METADATA.json
 create mode 100644 evidence/phase1_candidate_v4_3_h100_deployment_smoke_v1_job_SIMFAIL42/immutable_channel/CHANNEL_RECORD.json
 create mode 100644 evidence/phase1_candidate_v4_3_h100_deployment_smoke_v1_job_SIMFAIL42/package/PACKAGE_MANIFEST.sha256
 create mode 100644 evidence/phase1_candidate_v4_3_h100_deployment_smoke_v1_job_SIMFAIL42/package/PACKAGE_VERSION.json
 create mode 100644 evidence/phase1_candidate_v4_3_h100_deployment_smoke_v1_job_SIMFAIL42/package/README.md
 create mode 100644 evidence/phase1_candidate_v4_3_h100_deployment_smoke_v1_job_SIMFAIL42/package/SOURCE_PAYLOAD_MANIFEST.sha256
 create mode 100644 evidence/phase1_candidate_v4_3_h100_deployment_smoke_v1_job_SIMFAIL42/package/candidate_v4_3_package/PACKAGE_VERSION.json
 create mode 100644 evidence/phase1_candidate_v4_3_h100_deployment_smoke_v1_job_SIMFAIL42/package/candidate_v4_3_package/SOURCE_PAYLOAD_MANIFEST.sha256
 create mode 100644 evidence/phase1_candidate_v4_3_h100_deployment_smoke_v1_job_SIMFAIL42/package/candidate_v4_3_package/config/CANDIDATE_V4_3_CONTRACT.json
 create mode 100755 evidence/phase1_candidate_v4_3_h100_deployment_smoke_v1_job_SIMFAIL42/package/candidate_v4_3_package/scripts/run_seed43999_floor_feasibility_candidate_v4_3.py
 create mode 100644 evidence/phase1_candidate_v4_3_h100_deployment_smoke_v1_job_SIMFAIL42/package/candidate_v4_3_package/src/fr3_cbf/__init__.py
 create mode 100644 evidence/phase1_candidate_v4_3_h100_deployment_smoke_v1_job_SIMFAIL42/package/candidate_v4_3_package/src/fr3_cbf/floor_feasibility_repair.py
 create mode 100644 evidence/phase1_candidate_v4_3_h100_deployment_smoke_v1_job_SIMFAIL42/package/config/H100_DEPLOYMENT_SMOKE_CONTRACT.json
 create mode 100644 evidence/phase1_candidate_v4_3_h100_deployment_smoke_v1_job_SIMFAIL42/package/docs/BUILD_VALIDATION.md
 create mode 100644 evidence/phase1_candidate_v4_3_h100_deployment_smoke_v1_job_SIMFAIL42/package/docs/CLAIM_BOUNDARIES.md
 create mode 100644 evidence/phase1_candidate_v4_3_h100_deployment_smoke_v1_job_SIMFAIL42/package/docs/EXPECTED_SUCCESS_MARKERS.md
 create mode 100644 evidence/phase1_candidate_v4_3_h100_deployment_smoke_v1_job_SIMFAIL42/package/docs/RETURN_CONTRACT.md
 create mode 100644 evidence/phase1_candidate_v4_3_h100_deployment_smoke_v1_job_SIMFAIL42/package/docs/SCIENTIFIC_STATUS_AND_NEXT_GATE.md
 create mode 100644 evidence/phase1_candidate_v4_3_h100_deployment_smoke_v1_job_SIMFAIL42/package/docs/WSL_RORQUAL_WORKFLOW.md
 create mode 100644 evidence/phase1_candidate_v4_3_h100_deployment_smoke_v1_job_SIMFAIL42/package/immutable_bindings/V4_3_RETURN_BINDING.json
 create mode 100644 evidence/phase1_candidate_v4_3_h100_deployment_smoke_v1_job_SIMFAIL42/package/local_diagnostics/INDEPENDENT_V4_3_REVIEW.env
 create mode 100644 evidence/phase1_candidate_v4_3_h100_deployment_smoke_v1_job_SIMFAIL42/package/local_diagnostics/INDEPENDENT_V4_3_REVIEW.json
 create mode 100644 evidence/phase1_candidate_v4_3_h100_deployment_smoke_v1_job_SIMFAIL42/package/requirements.txt
 create mode 100755 evidence/phase1_candidate_v4_3_h100_deployment_smoke_v1_job_SIMFAIL42/package/scripts/audit_h100_deployment_smoke.py
 create mode 100755 evidence/phase1_candidate_v4_3_h100_deployment_smoke_v1_job_SIMFAIL42/package/scripts/capture_h100_environment.py
 create mode 100755 evidence/phase1_candidate_v4_3_h100_deployment_smoke_v1_job_SIMFAIL42/package/scripts/independent_review_v4_3.py
 create mode 100755 evidence/phase1_candidate_v4_3_h100_deployment_smoke_v1_job_SIMFAIL42/package/scripts/package_h100_return.py
 create mode 100755 evidence/phase1_candidate_v4_3_h100_deployment_smoke_v1_job_SIMFAIL42/package/wrappers/REMOTE_ORCHESTRATE_V4_3_H100_DEPLOYMENT_SMOKE.sh
 create mode 100755 evidence/phase1_candidate_v4_3_h100_deployment_smoke_v1_job_SIMFAIL42/package/wrappers/RUN_V4_3_H100_DEPLOYMENT_SMOKE_FROM_WSL.sh
 create mode 100644 evidence/phase1_candidate_v4_3_h100_deployment_smoke_v1_job_SIMFAIL42/runtime/H100_DEPLOYMENT_SMOKE_STATUS.env
 create mode 100644 evidence/phase1_candidate_v4_3_h100_deployment_smoke_v1_job_SIMFAIL42/runtime/H100_ENVIRONMENT.json
 create mode 100644 evidence/phase1_candidate_v4_3_h100_deployment_smoke_v1_job_SIMFAIL42/runtime/REMOTE_RUN_SUMMARY.env
 create mode 100644 evidence/phase1_candidate_v4_3_h100_deployment_smoke_v1_job_SIMFAIL42/runtime/audit_exit_code.txt
 create mode 100644 evidence/phase1_candidate_v4_3_h100_deployment_smoke_v1_job_SIMFAIL42/runtime/candidate_exit_code.txt
 create mode 100644 evidence/phase1_candidate_v4_3_h100_deployment_smoke_v1_job_SIMFAIL42/runtime/scientific_stderr.txt
 create mode 100644 evidence/phase1_candidate_v4_3_h100_deployment_smoke_v1_job_SIMFAIL42/runtime/scientific_stdout.txt
 create mode 100644 evidence/phase1_candidate_v4_3_h100_deployment_smoke_v1_job_SIMFAIL42/summary/RUN_STATUS.env
From /tmp/tmp.EPL5FAwhDW/origin
 * branch            e3-first-sector-p452 -> FETCH_HEAD
To /tmp/tmp.EPL5FAwhDW/origin.git
   cc43c05..bda6158  HEAD -> e3-first-sector-p452
SLURM_JOB_ID=SIMFAIL42
SLURM_ACCOUNT=def-rsadve_gpu
SLURM_STATE=FAILED
SLURM_EXIT_CODE=42:0
SLURM_MAXRSS=432072K
CANDIDATE_SCRIPT_EXIT_CODE=42
INDEPENDENT_AUDIT_EXIT_CODE=98
CHANNEL_RECORD_SHA256=bf55f7a071bc00fdc9e73075bcf2b3f9da3bd07843e3795e134d4bdb3c4fa0d9
FREQUENCY_RESPONSE_ARRAY_SHA256=c4ac7fb56da5d3f8182836e2a99ab2ef1dd7b17bf76332abbc198d1ae6b6a093
H100_REQUESTED=YES_ONE_FULL_H100
H100_CHANNEL_REGENERATED=NO
PRESERVED_CHANNEL_REUSED=YES
CONFIRMATORY_CAMPAIGN_AUTHORIZED=NO
H100_DEPLOYMENT_SMOKE_STATUS=FAIL_SIMULATED_EXPECTED_NONZERO
CONFIRMATORY_CAMPAIGN_AUTHORIZED=NO
NEXT_GATE=REVIEW_EXCLUDED_H100_SMOKE_DIAGNOSTIC
CANDIDATE_STATUS=PASS_EXCLUDED_SEED43999_CANDIDATE_V4_3_ALL5_FLOOR_EESS_AND_STRICT_POWER_GATES
SCIENTIFIC_SCRIPT_EXIT_CODE=0
CANDIDATE_LONG_VIOLATION_SECONDS=0
CANDIDATE_SHORT_VIOLATION_SECONDS=0
CANDIDATE_FLOOR_VIOLATION_USER_SECONDS=0
CANDIDATE_FLOOR_VIOLATION_USER_INTERVALS=0
NETWORK_WIDE_SHUTDOWN_INTERVALS=0
CONTINUOUS_SECTOR_PROVEN_INFEASIBLE_INTERVALS=93
GLOBAL_FROZEN_GRID_PROVEN_INFEASIBLE_INTERVALS=93
LOCAL_FROZEN_GRID_REPAIRED_INTERVALS=6
LOCAL_STREAM_POWER_REPAIRED_INTERVALS=98
LOCAL_STREAM_POWER_PROVEN_INFEASIBLE_INTERVALS=0
GLOBAL_STREAM_PROVEN_INFEASIBLE_INTERVALS=0
UNRESOLVED_DEPLOYABLE_INTERVALS=0
STRICT_LOCAL_SCOPE_GATE=PASS
STRICT_LOCAL_SCOPE_VIOLATION_INTERVALS=0
MAX_EXTERNAL_INTERFERERS_PER_VIOLATING_USER=2
MAX_EESS_BACKOFF_SECTORS=2
MAX_MUTABLE_SECTOR_COUNT=5
STRICT_POST_MODE_SELECTED_POWER_GATE=PASS
Q0_ENVELOPE_DEPLOYABLE_ACTIONS=0
SOLVER_CONSTRAINT_RESERVE=1e-08
SOLVER_PRIMAL_FEASIBILITY_TOLERANCE=1.0000000000000001e-09
SOLVER_DUAL_FEASIBILITY_TOLERANCE=1.0000000000000001e-09
MAXIMUM_CANDIDATE_NORMALIZED_FLOOR_SHORTFALL=0
CANDIDATE_RESIDUAL_USER_COUNT=0
MAXIMUM_Q0_NOMINAL_POWER_ENVELOPE_RATIO=0.98382662173922819
MAXIMUM_STRICT_POST_MODE_BASELINE_POWER_RATIO=0.99999998741460938
Q0_HEADROOM_USED_INTERVALS=0
STRICT_POST_MODE_STREAM_FEASIBLE_INTERVALS=98
STRICT_POST_MODE_STREAM_INFEASIBLE_INTERVALS=0
STRICT_POST_MODE_STREAM_UNCERTIFIED_INTERVALS=0
MINIMUM_MODE_ADJUSTED_TO_Q0_POWER_RATIO=0.58268088272207708
MAXIMUM_MODE_ADJUSTED_TO_Q0_POWER_RATIO=1
PREDICTIVE_REPRODUCTION_USER_SECONDS=519
PREDICTIVE_REPRODUCTION_USER_INTERVALS=104
CHANNEL_RECORD_SHA256=bf55f7a071bc00fdc9e73075bcf2b3f9da3bd07843e3795e134d4bdb3c4fa0d9
FREQUENCY_RESPONSE_ARRAY_SHA256=c4ac7fb56da5d3f8182836e2a99ab2ef1dd7b17bf76332abbc198d1ae6b6a093
CONFIRMATORY_CAMPAIGN_AUTHORIZED=NO
NEXT_GATE=INDEPENDENT_REVIEW_THEN_EXCLUDED_H100_DEPLOYMENT_SMOKE
LOCAL_WRAPPER_EXIT_CODE=42
REMOTE_WRAPPER_EXIT_CODE=42
DIAGNOSTIC_RETRIEVAL_EXIT_CODE=0
REMOTE_PAYLOAD_SHA256=24506c5282a66c12c0b2cfb5bb117d93b4345058b68fb4ce19e3e6d24844b22f
LOCAL_RETURN_ZIP=/tmp/tmp.EPL5FAwhDW/downloads/FR3_CANDIDATE_V4_3_H100_DEPLOYMENT_SMOKE_RETURN_20260801_212245/remote_return/FR3_RORQUAL_CANDIDATE_V4_3_H100_DEPLOYMENT_SMOKE_SIMFAIL42.zip
LOCAL_RETURN_ZIP_SHA256=6c52245fa2525537c773754af0558387e8014270359b4f48ce546d251a29f030
CANDIDATE_SOURCE_COMMIT=cc43c05acc40f4d502eb1581a8fb521871621e17
GIT_FINAL_COMMIT=bda6158479249ed34666ab880603c9ab4872d774
GIT_REMOTE_FINAL_COMMIT=bda6158479249ed34666ab880603c9ab4872d774
CONFIRMATORY_CAMPAIGN_AUTHORIZED=NO
FILES_TO_RETURN_FOLDER=/tmp/tmp.EPL5FAwhDW/downloads/FR3_CANDIDATE_V4_3_H100_DEPLOYMENT_SMOKE_RETURN_20260801_212245
LOCAL_WRAPPER_EXIT_CODE=42
REMOTE_WRAPPER_EXIT_CODE=42
DIAGNOSTIC_RETRIEVAL_EXIT_CODE=0
CANDIDATE_SOURCE_COMMIT=cc43c05acc40f4d502eb1581a8fb521871621e17
GIT_FINAL_COMMIT=bda6158479249ed34666ab880603c9ab4872d774
GIT_REMOTE_FINAL_COMMIT=bda6158479249ed34666ab880603c9ab4872d774
LOCAL_RETURN_ZIP=/tmp/tmp.EPL5FAwhDW/downloads/FR3_CANDIDATE_V4_3_H100_DEPLOYMENT_SMOKE_RETURN_20260801_212245/remote_return/FR3_RORQUAL_CANDIDATE_V4_3_H100_DEPLOYMENT_SMOKE_SIMFAIL42.zip
LOCAL_RETURN_ZIP_SHA256=6c52245fa2525537c773754af0558387e8014270359b4f48ce546d251a29f030
REMOTE_RUN_ROOT=/tmp/tmp.EPL5FAwhDW/remote_scratch/FR3_CANDIDATE_V4_3_H100_SMOKE_cc43c05acc40_20260801_212245
FILES_TO_RETURN_FOLDER=/tmp/tmp.EPL5FAwhDW/downloads/FR3_CANDIDATE_V4_3_H100_DEPLOYMENT_SMOKE_RETURN_20260801_212245
CONFIRMATORY_CAMPAIGN_AUTHORIZED=NO
