V45_COMPANION_AWARE_DEVELOPMENT_STATUS=V4_5_COMPANION_AWARE_SCHEDULING_DEVELOPMENT_INCOMPLETE
FAILED_SEED_HARD_GATE_PASS_COUNT=4
FAILED_SEED_BOUNDED_SCOPE_PASS_COUNT=11
ALL30_HARD_GATE_PASS_COUNT=23
ALL30_BOUNDED_SCOPE_PASS_COUNT=30
ORIGINAL_V4_3_UNRESOLVED_INTERVAL_COUNT=1736
SCHEDULING_SUCCESS_INTERVAL_COUNT=1217
SCHEDULING_FAILURE_INTERVAL_COUNT=519
DIAGNOSTIC_G8_SCHEDULING_FEASIBLE_INTERVAL_COUNT=0
SCHEDULE_GUARD_LIMIT_COUNTS={"0": 926, "2": 167, "3": 3, "4": 121}
MAXIMUM_SCHEDULE_GUARD_SECTOR_COUNT=4
MAXIMUM_SCHEDULE_CRITICAL_SECTOR_COUNT=4
MAXIMUM_SCHEDULE_MUTABLE_SECTOR_COUNT=6
MAXIMUM_PROTECTED_SUBBAND_SCHEDULED_FRACTION=0.919
MAXIMUM_SCHEDULE_SOLVER_SECONDS=1.151513610035181
CANDIDATE_FLOOR_VIOLATION_USER_SECONDS=6505
CANDIDATE_FLOOR_VIOLATION_USER_INTERVALS=1312
CANDIDATE_LONG_EESS_VIOLATION_SECONDS=0
CANDIDATE_SHORT_EESS_VIOLATION_SECONDS=0
DEVELOPMENT_PRIMARY_POINT_ESTIMATE=0.2883463712824363
DEVELOPMENT_PRIMARY_LOWER_95=0.2402031324343159
NEXT_REPAIR_DECISION=USER_REASSIGNMENT_OR_PREREGISTERED_ADMISSION_REQUIRED
NEXT_GATE=FREEZE_DEVELOPMENT_EVIDENCE_AND_CHOOSE_REASSIGNMENT_OR_PREREGISTERED_ADMISSION_WHILE_STARTING_METHODS_DRAFT
